FULL TABLE SCANS
----------------
Full table scan, use some column in WHERE that is not indexed, make sure the number of results returned is sane (eg thousands, not millions)

Query: SELECT COUNT(*)  FROM Object WHERE y_instFlux > 5
Date: lundi 13 mars 2017, 12:30:24 (UTC+0100)
0
Execution time: 397.148062706
Date: lundi 13 mars 2017, 12:37:02 (UTC+0100)

Query: select min(ra), max(ra), min(decl), max(decl) from Object;
Date: lundi 13 mars 2017, 12:37:02 (UTC+0100)
0	359.99999972381306	-89.99809985317125	45.52941146549568
Execution time: 351.97576189
Date: lundi 13 mars 2017, 12:42:56 (UTC+0100)

Query: select count(*) from Source where flux_sinc between 1 and 2;
Date: lundi 13 mars 2017, 12:42:56 (UTC+0100)
891729
Execution time: 2590.04037452
Date: lundi 13 mars 2017, 13:26:07 (UTC+0100)

Query: select count(*) from Source where flux_sinc between 2 and 3;
Date: lundi 13 mars 2017, 13:26:07 (UTC+0100)
904303
Execution time: 2411.12679267
Date: lundi 13 mars 2017, 14:06:20 (UTC+0100)

Query: select count(*) from ForcedSource where psfFlux between 0.1 and 0.2;
Date: lundi 13 mars 2017, 14:06:20 (UTC+0100)
16985443
Execution time: 1009.29725718
Date: lundi 13 mars 2017, 14:23:11 (UTC+0100)

JOINS
-----
Query: select count(*) from Object o, Source s WHERE o.deepSourceId=s.objectId AND s.flux_sinc BETWEEN 0.13 AND 0.14;
Date: lundi 13 mars 2017, 14:23:11 (UTC+0100)
Date: lundi 13 mars 2017, 18:23:12 (UTC+0100)

Query: select count(*) FROM Object o, ForcedSource f WHERE o.deepSourceId=f.deepSourceId AND f.psfFlux BETWEEN 0.13 AND 0.14;
Date: lundi 13 mars 2017, 18:23:12 (UTC+0100)
1689803
Execution time: 1075.9941175
Date: lundi 13 mars 2017, 18:41:09 (UTC+0100)

