COUNTS
------

Query: SELECT count(*) FROM Object
Date: 2018-02-06_17:02:18
bash: /qserv/stack/loadLSST.bash: No such file or directory
Date: 2018-02-06_17:02:18

Query: SELECT count(*) FROM Source
Date: 2018-02-06_17:02:18
bash: /qserv/stack/loadLSST.bash: No such file or directory
Date: 2018-02-06_17:02:18

Query: SELECT count(*) FROM ForcedSource
Date: 2018-02-06_17:02:18
bash: /qserv/stack/loadLSST.bash: No such file or directory
Date: 2018-02-06_17:02:18

