FULL TABLE SCANS
----------------
Full table scan, use some column in WHERE that is not indexed, make sure the number of results returned is sane (eg thousands, not millions)

Query: SELECT COUNT(*)  FROM Object WHERE y_instFlux > 5
Date: 2018-02-06_17:02:18
bash: /qserv/stack/loadLSST.bash: No such file or directory
Date: 2018-02-06_17:02:18

Query: select min(ra), max(ra), min(decl), max(decl) from Object;
Date: 2018-02-06_17:02:18
bash: /qserv/stack/loadLSST.bash: No such file or directory
Date: 2018-02-06_17:02:18

Query: select count(*) from Source where flux_sinc between 1 and 2;
Date: 2018-02-06_17:02:18
bash: /qserv/stack/loadLSST.bash: No such file or directory
Date: 2018-02-06_17:02:18

Query: select count(*) from Source where flux_sinc between 2 and 3;
Date: 2018-02-06_17:02:18
bash: /qserv/stack/loadLSST.bash: No such file or directory
Date: 2018-02-06_17:02:18

Query: select count(*) from ForcedSource where psfFlux between 0.1 and 0.2;
Date: 2018-02-06_17:02:18
bash: /qserv/stack/loadLSST.bash: No such file or directory
Date: 2018-02-06_17:02:18

JOINS
-----
Query: select count(*) from Object o, Source s WHERE o.deepSourceId=s.objectId AND s.flux_sinc BETWEEN 0.13 AND 0.14;
Date: 2018-02-06_17:02:18
bash: /qserv/stack/loadLSST.bash: No such file or directory
Date: 2018-02-06_17:02:18

Query: select count(*) FROM Object o, ForcedSource f WHERE o.deepSourceId=f.deepSourceId AND f.psfFlux BETWEEN 0.13 AND 0.14;
Date: 2018-02-06_17:02:18
bash: /qserv/stack/loadLSST.bash: No such file or directory
Date: 2018-02-06_17:02:18

