SHORT-RUNNING QUERIES
---------------------
Describe object table
Query: Describe Object
Date: 2018-02-06_17:02:07
bash: /qserv/stack/loadLSST.bash: No such file or directory
Date: 2018-02-06_17:02:07

Trivial query that retrieves one row, using index

Query: SELECT ra, decl, raVar, declVar, radeclCov, u_psfFlux, u_psfFluxSigma, u_apFlux FROM Object WHERE deepSourceId = 2322920177140010;
Date: 2018-02-06_17:02:10
bash: /qserv/stack/loadLSST.bash: No such file or directory
Date: 2018-02-06_17:02:10

Query: SELECT ra, decl, raVar, declVar, radeclCov, u_psfFlux, u_psfFluxSigma, u_apFlux FROM Object WHERE deepSourceId = 2322920177142607;
Date: 2018-02-06_17:02:11
bash: /qserv/stack/loadLSST.bash: No such file or directory
Date: 2018-02-06_17:02:11

Spatially restricted query, small area of sky, should return small number of rows (say <100)

Query: SELECT ra, decl FROM Object WHERE qserv_areaspec_box(0.95, 19.171, 1.0, 19.175);
Date: 2018-02-06_17:02:15
bash: /qserv/stack/loadLSST.bash: No such file or directory
Date: 2018-02-06_17:02:15

NEAR NEIGHBOR
-------------
Query: select count(*) from Object o1, Object o2 where qserv_areaspec_box(90.299197, -66.468216, 90.962526, -65.412851) and scisql_angSep(o1.ra, o1.decl, o2.ra, o2.decl) < 0.015;
Date: 2018-02-06_17:02:18
bash: /qserv/stack/loadLSST.bash: No such file or directory
Date: 2018-02-06_17:02:18

Query: select o1.deepSourceId as id1, o2.deepSourceId as id2, o1.ra, o1.decl, scisql_angSep(o1.ra, o1.decl, o2.ra, o2.decl) as dist from Object o1, Object o2 where qserv_areaspec_box(89.299197, -66.468216, 89.312526, -66.452851) and scisql_angSep(o1.ra, o1.decl, o2.ra, o2.decl) < 0.015 ORDER BY id1;
Date: 2018-02-06_17:02:18
bash: /qserv/stack/loadLSST.bash: No such file or directory
Date: 2018-02-06_17:02:18

