FULL TABLE SCANS
----------------
Full table scan, use some column in WHERE that is not indexed, make sure the number of results returned is sane (eg thousands, not millions)

Query: SELECT COUNT(*)  FROM Object WHERE y_instFlux > 5
0
Execution time: 237.778623343

Query: select min(ra), max(ra), min(decl), max(decl) from Object;
0.0000014485490397609597	359.9999926958691	-89.99809985317125	45.52940899395411
Execution time: 203.346483707

Query: select count(*) from Source where flux_sinc between 1 and 2;
297137
Execution time: 1733.92920041

Query: select count(*) from Source where flux_sinc between 2 and 3;
300720
Execution time: 1753.01175356

Query: select count(*) from ForcedSource where psfFlux between 0.1 and 0.2;
5661604
Execution time: 706.950386047

JOINS
-----
Query: select count(*) from Object o, Source s WHERE o.deepSourceId=s.objectId AND s.flux_sinc BETWEEN 0.13 AND 0.14;
Write failed: Broken pipe

Query: select count(*) FROM Object o, ForcedSource f WHERE o.deepSourceId=f.deepSourceId AND f.psfFlux BETWEEN 0.13 AND 0.14;
562521
Execution time: 1354.10345101

