COUNTS
------

Query: SELECT count(*) FROM Object
Date: 2017-03-25_22:02:20
1889695615
Execution time: 25.7461555004 sec
Date: 2017-03-25_22:02:47

Query: SELECT count(*) FROM Source
Date: 2017-03-25_22:02:47
34886017763
Execution time: 25.8309266567 sec
Date: 2017-03-25_22:03:14

Query: SELECT count(*) FROM ForcedSource
Date: 2017-03-25_22:03:14
172081115270
Execution time: 24.7764012814 sec
Date: 2017-03-25_22:03:40

