FULL TABLE SCANS
----------------
Full table scan, use some column in WHERE that is not indexed, make sure the number of results returned is sane (eg thousands, not millions)

Query: SELECT COUNT(*)  FROM Object WHERE y_instFlux > 5
Date: mardi 14 mars 2017, 16:28:25 (UTC+0100)
0
Execution time: 272.373222589
Date: mardi 14 mars 2017, 16:32:59 (UTC+0100)

Query: select min(ra), max(ra), min(decl), max(decl) from Object;
Date: mardi 14 mars 2017, 16:32:59 (UTC+0100)
0.0000006498362104694739	359.99999972381306	-89.99809985317125	45.52941146549568
Execution time: 260.582536459
Date: mardi 14 mars 2017, 16:37:21 (UTC+0100)

Query: select count(*) from Source where flux_sinc between 1 and 2;
Date: mardi 14 mars 2017, 16:37:21 (UTC+0100)
595180
Execution time: 1858.99491191
Date: mardi 14 mars 2017, 17:08:21 (UTC+0100)

Query: select count(*) from Source where flux_sinc between 2 and 3;
Date: mardi 14 mars 2017, 17:08:21 (UTC+0100)
602588
Execution time: 1861.6321528
Date: mardi 14 mars 2017, 17:39:24 (UTC+0100)

Query: select count(*) from ForcedSource where psfFlux between 0.1 and 0.2;
Date: mardi 14 mars 2017, 17:39:24 (UTC+0100)
11319139
Execution time: 789.539747
Date: mardi 14 mars 2017, 17:52:35 (UTC+0100)

JOINS
-----
Query: select count(*) from Object o, Source s WHERE o.deepSourceId=s.objectId AND s.flux_sinc BETWEEN 0.13 AND 0.14;
Date: mardi 14 mars 2017, 17:52:35 (UTC+0100)
Date: mardi 14 mars 2017, 21:52:36 (UTC+0100)

Query: select count(*) FROM Object o, ForcedSource f WHERE o.deepSourceId=f.deepSourceId AND f.psfFlux BETWEEN 0.13 AND 0.14;
Date: mardi 14 mars 2017, 21:52:36 (UTC+0100)
1124799
Execution time: 881.452597141
Date: mardi 14 mars 2017, 22:07:19 (UTC+0100)

